
PROGRAM "C:\Documents and Settings\xblanc01\My Documents\IMP_BP\Project\Examples\xblanc01\bin\Project.abs"

*********************************************************************************************
TARGET SECTION
---------------------------------------------------------------------------------------------
Processor   : Freescale HC08
Memory Model: SMALL
File Format : ELF\DWARF 2.0
Linker      : SmartLinker V-5.0.37 Build 9092, Apr  3 2009

*********************************************************************************************
FILE SECTION
---------------------------------------------------------------------------------------------
C:\Users\Ondøej Klubal\Documents\Project\Project_Data\Library_IRQ_OPT\ObjectCode\gl_bitmap.c.o (GraphicLib_irq_opt.lib)Model: SMALL,         Lang: ANSI-C
C:\Users\Ondøej Klubal\Documents\Project\Project_Data\Library_IRQ_OPT\ObjectCode\gl_calc.c.o (GraphicLib_irq_opt.lib)Model: SMALL,         Lang: ANSI-C
C:\Users\Ondøej Klubal\Documents\Project\Project_Data\Library_IRQ_OPT\ObjectCode\gl_drv.c.o (GraphicLib_irq_opt.lib)Model: SMALL,         Lang: ANSI-C
C:\Users\Ondøej Klubal\Documents\Project\Project_Data\Library_IRQ_OPT\ObjectCode\gl_drv_common.c.o (GraphicLib_irq_opt.lib)Model: SMALL,         Lang: ANSI-C
C:\Users\Ondøej Klubal\Documents\Project\Project_Data\Library_IRQ_OPT\ObjectCode\gl_drv_touch.c.o (GraphicLib_irq_opt.lib)Model: SMALL,         Lang: ANSI-C
C:\Users\Ondøej Klubal\Documents\Project\Project_Data\Library_IRQ_OPT\ObjectCode\gl_font.c.o (GraphicLib_irq_opt.lib)Model: SMALL,         Lang: ANSI-C
C:\Users\Ondøej Klubal\Documents\Project\Project_Data\Library_IRQ_OPT\ObjectCode\gl_high.c.o (GraphicLib_irq_opt.lib)Model: SMALL,         Lang: ANSI-C
C:\Users\Ondøej Klubal\Documents\Project\Project_Data\Library_IRQ_OPT\ObjectCode\gl_low.c.o (GraphicLib_irq_opt.lib)Model: SMALL,         Lang: ANSI-C
C:\Users\Ondøej Klubal\Documents\Project\Project_Data\Library_IRQ_OPT\ObjectCode\gl_low_common.c.o (GraphicLib_irq_opt.lib)Model: SMALL,         Lang: ANSI-C
main.c.o                                Model: SMALL,         Lang: ANSI-C
RTSHC08.C.o (ansiis.lib)                Model: SMALL,         Lang: ANSI-C
MC9S08JM60.C.o                          Model: SMALL,         Lang: ANSI-C
Start08.c.o                             Model: SMALL,         Lang: ANSI-C
MCUinit.c.o                             Model: SMALL,         Lang: ANSI-C
Arial_16px.c.o                          Model: SMALL,         Lang: ANSI-C
C:\MCU_Development\Freescale\CodeWarrior for Microcontrollers V6.2\lib\Project\Project_Data\Win_Components\ObjectCode\WinButton.c.o (WinControls.lib)Model: SMALL,         Lang: ANSI-C
C:\MCU_Development\Freescale\CodeWarrior for Microcontrollers V6.2\lib\Project\Project_Data\Win_Components\ObjectCode\WinGlobal.c.o (WinControls.lib)Model: SMALL,         Lang: ANSI-C
C:\MCU_Development\Freescale\CodeWarrior for Microcontrollers V6.2\lib\Project\Project_Data\Win_Components\ObjectCode\WinScreen.c.o (WinControls.lib)Model: SMALL,         Lang: ANSI-C
gl_high.c.o                             Model: SMALL,         Lang: ANSI-C
Fat.c.o                                 Model: SMALL,         Lang: ANSI-C
SD.c.o                                  Model: SMALL,         Lang: ANSI-C
SPI.c.o                                 Model: SMALL,         Lang: ANSI-C
cdct_usb_config.c.o                     Model: SMALL,         Lang: ANSI-C
target.c.o                              Model: SMALL,         Lang: ANSI-C
usb.c.o                                 Model: SMALL,         Lang: ANSI-C
usb_cdc.c.o                             Model: SMALL,         Lang: ANSI-C

*********************************************************************************************
STARTUP SECTION
---------------------------------------------------------------------------------------------
Entry point: 0x19DB (_Startup)
_startupData is allocated at 0x19E4 and uses 6 Bytes
extern struct _tagStartup {
  unsigned nofZeroOut     2
  _Range   pZeroOut       0xB0     17
                          0x100     1209
  _Copy    *toCopyDownBeg 0x7F3B
} _startupData;

*********************************************************************************************
SECTION-ALLOCATION SECTION
Section Name                    Size  Type     From       To       Segment
---------------------------------------------------------------------------------------------
.data                            289   R/W      0x100      0x220   RAM
.init                            132     R     0x1960     0x19E3   ROM
.startData                        18     R     0x19E4     0x19F5   ROM
.rodata                         2552     R     0x19F6     0x23ED   ROM
.rodata1                          27     R     0x23EE     0x2408   ROM
.text                          23346     R     0x2409     0x7F3A   ROM
.copy                            284     R     0x7F3B     0x8056   ROM
DRV_FAST_PAGE                     17   R/W       0xB0       0xC0   Z_RAM
.abs_section_ffcc                  2     R     0xFFCC     0xFFCD   .absSeg0
.abs_section_ffca                  2     R     0xFFCA     0xFFCB   .absSeg1
.abs_section_0                     1   N/I        0x0        0x0   .absSeg2
.abs_section_1                     1   N/I        0x1        0x1   .absSeg3
.abs_section_2                     1   N/I        0x2        0x2   .absSeg4
.abs_section_3                     1   N/I        0x3        0x3   .absSeg5
.abs_section_4                     1   N/I        0x4        0x4   .absSeg6
.abs_section_5                     1   N/I        0x5        0x5   .absSeg7
.abs_section_6                     1   N/I        0x6        0x6   .absSeg8
.abs_section_7                     1   N/I        0x7        0x7   .absSeg9
.abs_section_8                     1   N/I        0x8        0x8   .absSeg10
.abs_section_9                     1   N/I        0x9        0x9   .absSeg11
.abs_section_a                     1   N/I        0xA        0xA   .absSeg12
.abs_section_b                     1   N/I        0xB        0xB   .absSeg13
.abs_section_c                     1   N/I        0xC        0xC   .absSeg14
.abs_section_d                     1   N/I        0xD        0xD   .absSeg15
.abs_section_e                     1   N/I        0xE        0xE   .absSeg16
.abs_section_10                    1   N/I       0x10       0x10   .absSeg17
.abs_section_11                    1   N/I       0x11       0x11   .absSeg18
.abs_section_16                    1   N/I       0x16       0x16   .absSeg19
.abs_section_17                    1   N/I       0x17       0x17   .absSeg20
.abs_section_18                    1   N/I       0x18       0x18   .absSeg21
.abs_section_1b                    1   N/I       0x1B       0x1B   .absSeg22
.abs_section_1c                    1   N/I       0x1C       0x1C   .absSeg23
.abs_section_1d                    1   N/I       0x1D       0x1D   .absSeg24
.abs_section_1e                    1   N/I       0x1E       0x1E   .absSeg25
.abs_section_20                    1   N/I       0x20       0x20   .absSeg26
.abs_section_25                    1   N/I       0x25       0x25   .absSeg27
.abs_section_28                    1   N/I       0x28       0x28   .absSeg28
.abs_section_2b                    1   N/I       0x2B       0x2B   .absSeg29
.abs_section_2e                    1   N/I       0x2E       0x2E   .absSeg30
.abs_section_31                    1   N/I       0x31       0x31   .absSeg31
.abs_section_34                    1   N/I       0x34       0x34   .absSeg32
.abs_section_3a                    1   N/I       0x3A       0x3A   .absSeg33
.abs_section_3b                    1   N/I       0x3B       0x3B   .absSeg34
.abs_section_3c                    1   N/I       0x3C       0x3C   .absSeg35
.abs_section_3d                    1   N/I       0x3D       0x3D   .absSeg36
.abs_section_3e                    1   N/I       0x3E       0x3E   .absSeg37
.abs_section_3f                    1   N/I       0x3F       0x3F   .absSeg38
.abs_section_42                    1   N/I       0x42       0x42   .absSeg39
.abs_section_43                    1   N/I       0x43       0x43   .absSeg40
.abs_section_44                    1   N/I       0x44       0x44   .absSeg41
.abs_section_45                    1   N/I       0x45       0x45   .absSeg42
.abs_section_46                    1   N/I       0x46       0x46   .absSeg43
.abs_section_47                    1   N/I       0x47       0x47   .absSeg44
.abs_section_48                    1   N/I       0x48       0x48   .absSeg45
.abs_section_49                    1   N/I       0x49       0x49   .absSeg46
.abs_section_4a                    1   N/I       0x4A       0x4A   .absSeg47
.abs_section_4b                    1   N/I       0x4B       0x4B   .absSeg48
.abs_section_4c                    1   N/I       0x4C       0x4C   .absSeg49
.abs_section_50                    1   N/I       0x50       0x50   .absSeg50
.abs_section_51                    1   N/I       0x51       0x51   .absSeg51
.abs_section_52                    1   N/I       0x52       0x52   .absSeg52
.abs_section_53                    1   N/I       0x53       0x53   .absSeg53
.abs_section_58                    1   N/I       0x58       0x58   .absSeg54
.abs_section_59                    1   N/I       0x59       0x59   .absSeg55
.abs_section_5a                    1   N/I       0x5A       0x5A   .absSeg56
.abs_section_5b                    1   N/I       0x5B       0x5B   .absSeg57
.abs_section_5c                    1   N/I       0x5C       0x5C   .absSeg58
.abs_section_5d                    1   N/I       0x5D       0x5D   .absSeg59
.abs_section_60                    1   N/I       0x60       0x60   .absSeg60
.abs_section_65                    1   N/I       0x65       0x65   .absSeg61
.abs_section_68                    1   N/I       0x68       0x68   .absSeg62
.abs_section_6c                    1   N/I       0x6C       0x6C   .absSeg63
.abs_section_6d                    1   N/I       0x6D       0x6D   .absSeg64
.abs_section_6e                    1   N/I       0x6E       0x6E   .absSeg65
.abs_section_70                    1   N/I       0x70       0x70   .absSeg66
.abs_section_71                    1   N/I       0x71       0x71   .absSeg67
.abs_section_72                    1   N/I       0x72       0x72   .absSeg68
.abs_section_73                    1   N/I       0x73       0x73   .absSeg69
.abs_section_80                    1   N/I       0x80       0x80   .absSeg70
.abs_section_88                    1   N/I       0x88       0x88   .absSeg71
.abs_section_89                    1   N/I       0x89       0x89   .absSeg72
.abs_section_8a                    1   N/I       0x8A       0x8A   .absSeg73
.abs_section_90                    1   N/I       0x90       0x90   .absSeg74
.abs_section_91                    1   N/I       0x91       0x91   .absSeg75
.abs_section_92                    1   N/I       0x92       0x92   .absSeg76
.abs_section_93                    1   N/I       0x93       0x93   .absSeg77
.abs_section_94                    1   N/I       0x94       0x94   .absSeg78
.abs_section_95                    1   N/I       0x95       0x95   .absSeg79
.abs_section_96                    1   N/I       0x96       0x96   .absSeg80
.abs_section_97                    1   N/I       0x97       0x97   .absSeg81
.abs_section_98                    1   N/I       0x98       0x98   .absSeg82
.abs_section_9d                    1   N/I       0x9D       0x9D   .absSeg83
.abs_section_9e                    1   N/I       0x9E       0x9E   .absSeg84
.abs_section_9f                    1   N/I       0x9F       0x9F   .absSeg85
.abs_section_a0                    1   N/I       0xA0       0xA0   .absSeg86
.abs_section_a1                    1   N/I       0xA1       0xA1   .absSeg87
.abs_section_a2                    1   N/I       0xA2       0xA2   .absSeg88
.abs_section_a3                    1   N/I       0xA3       0xA3   .absSeg89
.abs_section_1800                  1   N/I     0x1800     0x1800   .absSeg90
.abs_section_1801                  1   N/I     0x1801     0x1801   .absSeg91
.abs_section_1802                  1   N/I     0x1802     0x1802   .absSeg92
.abs_section_1803                  1   N/I     0x1803     0x1803   .absSeg93
.abs_section_1809                  1   N/I     0x1809     0x1809   .absSeg94
.abs_section_180a                  1   N/I     0x180A     0x180A   .absSeg95
.abs_section_1816                  1   N/I     0x1816     0x1816   .absSeg96
.abs_section_1817                  1   N/I     0x1817     0x1817   .absSeg97
.abs_section_1818                  1   N/I     0x1818     0x1818   .absSeg98
.abs_section_1820                  1   N/I     0x1820     0x1820   .absSeg99
.abs_section_1821                  1   N/I     0x1821     0x1821   .absSeg100
.abs_section_1823                  1   N/I     0x1823     0x1823   .absSeg101
.abs_section_1824                  1   N/I     0x1824     0x1824   .absSeg102
.abs_section_1825                  1   N/I     0x1825     0x1825   .absSeg103
.abs_section_1826                  1   N/I     0x1826     0x1826   .absSeg104
.abs_section_1840                  1   N/I     0x1840     0x1840   .absSeg105
.abs_section_1841                  1   N/I     0x1841     0x1841   .absSeg106
.abs_section_1842                  1   N/I     0x1842     0x1842   .absSeg107
.abs_section_1844                  1   N/I     0x1844     0x1844   .absSeg108
.abs_section_1845                  1   N/I     0x1845     0x1845   .absSeg109
.abs_section_1846                  1   N/I     0x1846     0x1846   .absSeg110
.abs_section_1848                  1   N/I     0x1848     0x1848   .absSeg111
.abs_section_1849                  1   N/I     0x1849     0x1849   .absSeg112
.abs_section_184a                  1   N/I     0x184A     0x184A   .absSeg113
.abs_section_184c                  1   N/I     0x184C     0x184C   .absSeg114
.abs_section_184d                  1   N/I     0x184D     0x184D   .absSeg115
.abs_section_184e                  1   N/I     0x184E     0x184E   .absSeg116
.abs_section_1850                  1   N/I     0x1850     0x1850   .absSeg117
.abs_section_1851                  1   N/I     0x1851     0x1851   .absSeg118
.abs_section_1852                  1   N/I     0x1852     0x1852   .absSeg119
.abs_section_1854                  1   N/I     0x1854     0x1854   .absSeg120
.abs_section_1855                  1   N/I     0x1855     0x1855   .absSeg121
.abs_section_1856                  1   N/I     0x1856     0x1856   .absSeg122
.abs_section_1858                  1   N/I     0x1858     0x1858   .absSeg123
.abs_section_1859                  1   N/I     0x1859     0x1859   .absSeg124
.abs_section_185a                  1   N/I     0x185A     0x185A   .absSeg125
.abs_section_12                    2   N/I       0x12       0x13   .absSeg126
.abs_section_14                    2   N/I       0x14       0x15   .absSeg127
.abs_section_21                    2   N/I       0x21       0x22   .absSeg128
.abs_section_23                    2   N/I       0x23       0x24   .absSeg129
.abs_section_26                    2   N/I       0x26       0x27   .absSeg130
.abs_section_29                    2   N/I       0x29       0x2A   .absSeg131
.abs_section_2c                    2   N/I       0x2C       0x2D   .absSeg132
.abs_section_2f                    2   N/I       0x2F       0x30   .absSeg133
.abs_section_32                    2   N/I       0x32       0x33   .absSeg134
.abs_section_35                    2   N/I       0x35       0x36   .absSeg135
.abs_section_38                    2   N/I       0x38       0x39   .absSeg136
.abs_section_40                    2   N/I       0x40       0x41   .absSeg137
.abs_section_54                    2   N/I       0x54       0x55   .absSeg138
.abs_section_56                    2   N/I       0x56       0x57   .absSeg139
.abs_section_61                    2   N/I       0x61       0x62   .absSeg140
.abs_section_63                    2   N/I       0x63       0x64   .absSeg141
.abs_section_66                    2   N/I       0x66       0x67   .absSeg142
.abs_section_69                    2   N/I       0x69       0x6A   .absSeg143
.abs_section_74                    2   N/I       0x74       0x75   .absSeg144
.abs_section_76                    2   N/I       0x76       0x77   .absSeg145
.abs_section_1806                  2   N/I     0x1806     0x1807   .absSeg146
.abs_section_1810                  2   N/I     0x1810     0x1811   .absSeg147
.abs_section_1812                  2   N/I     0x1812     0x1813   .absSeg148
.abs_section_1814                  2   N/I     0x1814     0x1815   .absSeg149
.abs_section_ffbd                  1     R     0xFFBD     0xFFBD   .absSeg150
.abs_section_ffbf                  1     R     0xFFBF     0xFFBF   .absSeg151
.abs_section_fffe                  2     R     0xFFFE     0xFFFF   .absSeg152
.abs_section_fff0                  2     R     0xFFF0     0xFFF1   .absSeg153
.bss                             145   R/W      0x221      0x2B1   RAM
.common                          775   R/W      0x2B2      0x5B8   RAM
.stack                           512   R/W      0x5B9      0x7B8   RAM

Summary of section sizes per section type:
READ_ONLY (R):        6701 (dec:    26369)
READ_WRITE (R/W):      6CA (dec:     1738)
NO_INIT (N/I):          AC (dec:      172)

*********************************************************************************************
VECTOR-ALLOCATION SECTION
    Address     InitValue   InitFunction
---------------------------------------------------------------------------------------------

*********************************************************************************************
OBJECT-ALLOCATION SECTION
     Name               Module                 Addr   hSize   dSize     Ref    Section   RLIB
---------------------------------------------------------------------------------------------
MODULE:                 -- C:\Users\Ondøej Klubal\Documents\Project\Project_Data\Library_IRQ_OPT\ObjectCode\gl_bitmap.c.o (GraphicLib_irq_opt.lib) --
- PROCEDURES:
     GL_SetByteStreamPos                       2409      65     101       1   .text       
     GL_LOW_BITMAP_TransactionSkipPixelsRes2B       246E       9       9       2   .text       
     GL_LOW_BITMAP_TransactionPutPixelsRes2B       2477      1E      30       1   .text       
     GL_LOW_Bitmap_PreparePointer              2495      15      21       1   .text       
     GL_LOW_Bitmap_TransferPixel_1b            24AA      4C      76       1   .text       
     GL_LOW_Bitmap_TransferPixels              24F6      89     137       1   .text       
- VARIABLES:
     GL_BITMAP_bitcount                         2B2       1       1       2   .common     
     GL_BITMAP_bytecount                        2B3       1       1       1   .common     
     GL_BITMAP_bitmap_width                     2B4       2       2       2   .common     
     GL_BITMAP_bitmap_bytepos                   2B6       2       2       3   .common     
     GL_BITMAP_bitmap_bitpos                    2B8       1       1       3   .common     
     GL_BITMAP_resize                           2B9       1       1      14   .common     
     GL_BITMAP_color                            2BA       5       5       2   .common     
     GL_BITMAP_transparent                      2BF       1       1       2   .common     
     GL_BITMAP_data                             2C0       2       2       3   .common     
     GL_BITMAP_TMP_ITER                         2C2       2       2       3   .common     
     GL_LOW_Bitmap_PutLine                      2C4       2       2       2   .common     
     GL_LOW_BITMAP_PutPixel_GP                  2C6       2       2       2   .common     
MODULE:                 -- C:\Users\Ondøej Klubal\Documents\Project\Project_Data\Library_IRQ_OPT\ObjectCode\gl_calc.c.o (GraphicLib_irq_opt.lib) --
- PROCEDURES:
     GL_CALC_Blend                             257F       3       3       9   .text       
     GL_CALC_Gradient                          2582      82     130       6   .text       
     GL_CALC_GradientSt                        2604      5A      90       6   .text       
     GL_CALC_GradientZero                      265E      15      21       6   .text       
     GL_CALC_GradientByteZero                  2673      17      23       3   .text       
     GL_CALC_ConvertColor_3Bto2B               268A      1F      31       4   .text       
     GL_CALC_ConvertColor_2Bto3B               26A9      3B      59       1   .text       
     GL_CALC_RectIntersect                     26E4      A3     163       6   .text       
     GL_CALC_RectIntersectValid                2787      25      37       2   .text       
     GL_CALC_IsInRect                          27AC      45      69       5   .text       
- VARIABLES:
     GL_CALC_REG_A                              2C8       2       2       6   .common     
     GL_CALC_REG_B                              2CA       2       2      10   .common     
     GL_CALC_REG_C                              2CC       2       2       8   .common     
MODULE:                 -- C:\Users\Ondøej Klubal\Documents\Project\Project_Data\Library_IRQ_OPT\ObjectCode\gl_drv.c.o (GraphicLib_irq_opt.lib) --
- PROCEDURES:
     GL_LCD_COLOR_3B_TO_2B                     27F1       6       6       1   .text       
     GL_LCD_COLOR2_3B_TO_2B                    27F7       6       6       1   .text       
     GL_LCD_NULL_FUNCTION                      27FD       1       1       2   .text       
     GL_LCD_SetColorMode                       27FE      BE     190       8   .text       
     GL_LCD_SetFillDirection                   28BC      67     103       5   .text       
     GL_LCD_Set_320x240                        2923      23      35       2   .text       
     GL_LCD_Set_240x320                        2946      24      36       1   .text       
     GL_LCD_SetHorizontalFlip                  296A      18      24       1   .text       
     GL_LCD_SetVerticalFlip                    2982      19      25       1   .text       
     GL_LCD_SetSize                            299B      48      72       1   .text       
     GL_LCD_SetSizeEff                         29E3      6C     108       1   .text       
     GL_LCD_SetSizeShort                       2A4F      12      18       1   .text       
     GL_LCD_SetVerticalPosition                2A61      17      23       6   .text       
     GL_LCD_SetHorizontalPosition              2A78      17      23       6   .text       
     GL_LCD_SetPosition                        2A8F      1E      30       1   .text       
     GL_LCD_SetRectangle                       2AAD     18E     398      17   .text       
     GL_LCD_SetFullScreen                      2C3B      17      23       4   .text       
     GL_LCD_write_reg                          2C52      24      36      26   .text       
     GL_LCD_write_gram_2b                      2C76      24      36       1   .text       
     GL_LCD_write_gram_3b                      2C9A      2B      43       1   .text       
     GL_LCD_write_gram_internal_head           2CC5      13      19       7   .text       
     GL_LCD_write_gram_mpl_3b                  2CD8      34      52       1   .text       
     GL_LCD_RAR_write_gram_mplg_helper         2D0C      29      41       2   .text       
     GL_LCD_write_gram_mplg_3b                 2D35      31      49       1   .text       
     GL_LCD_write_gram_mplg_2b                 2D66      33      51       1   .text       
     GL_LCD_write_gram_mpl_2b                  2D99      2C      44       1   .text       
     GL_LCD_read_reg                           2DC5      2B      43       1   .text       
     GL_LCD_TransactionGetPixel                2DF0      29      41       2   .text       
     GL_LCD_gram_rw_transaction_write3b        2E19      1A      26       1   .text       
     GL_LCD_TransactionSkipPixel2B             2E33      28      40       1   .text       
     GL_LCD_gram_rw_transaction_write2b        2E5B      13      19       2   .text       
     GL_LCD_init                               2E6E     1F0     496      28   .text       
- VARIABLES:
     GL_LCD_STATE_REGISTER                       B0       1       1      23   DRV_FAST_PAGE
     GL_LCD_COLOR_1                              B1       5       5      46   DRV_FAST_PAGE
     GL_LCD_COLOR_R                              B6       5       5      18   DRV_FAST_PAGE
     GL_LCD_REG_IND                              BB       1       1      68   DRV_FAST_PAGE
     GL_LCD_REG_VAL                              BC       2       2      67   DRV_FAST_PAGE
     GL_LCD_SIZE_H                               BE       1       1      17   DRV_FAST_PAGE
     GL_LCD_SIZE_VV                              BF       2       2      10   DRV_FAST_PAGE
     _GL_LCD_REG_03                             2CE       2       2      13   .common     
     GL_LCD_write_gram_mpl                      2D0       2       2       9   .common     
     GL_LCD_write_gram_mplg                     2D2       2       2       4   .common     
     GL_LCD_write_gram                          2D4       2       2       4   .common     
     GL_LCD_set_color                           2D6       2       2      10   .common     
     GL_LCD_set_color2                          2D8       2       2       6   .common     
     GL_LCD_TransactionPutPixel                 2DA       2       2       4   .common     
     GL_LCD_COLOR_2                             2DC       5       5      21   .common     
     GL_LCD_SCREEN_W                            2E1       2       2       6   .common     
     GL_LCD_SCREEN_H                            2E3       2       2       5   .common     
     tmp                                        2E5       2       2       8   .common     
MODULE:                 -- C:\Users\Ondøej Klubal\Documents\Project\Project_Data\Library_IRQ_OPT\ObjectCode\gl_drv_common.c.o (GraphicLib_irq_opt.lib) --
- PROCEDURES:
     GL_DRV_DELAY_1ms                          305E       A      10       1   .text       
     GL_DRV_BEEP                               3068      4C      76       8   .text       
     GL_DRV_DELAY                              30B4      14      20       3   .text       
- VARIABLES:
MODULE:                 -- C:\Users\Ondøej Klubal\Documents\Project\Project_Data\Library_IRQ_OPT\ObjectCode\gl_drv_touch.c.o (GraphicLib_irq_opt.lib) --
- PROCEDURES:
     GL_TS_KB_Interrupt                        30C8       8       8       1   .text       
     GL_TS_ADC_Interrupt                       30D0       6       6       1   .text       
     GL_TS_FromIdle                            30D6       A      10       1   .text       
     GL_TS_ToIdle                              30E0      18      24       2   .text       
     GL_TS_ToActiveA                           30F8      1E      30       2   .text       
     GL_TS_ToActiveB                           3116      1E      30       1   .text       
     GL_TS_KB_Interrupt_proc                   3134       F      15       1   .text       
     GL_TS_NewAction                           3143      12      18       2   .text       
     GL_TS_HadnleActions                       3155      20      32       2   .text       
     GL_TS_ADC_Interrupt_proc                  3175     276     630       7   .text       
     GL_TS_Init                                33EB      36      54       1   .text       
     GL_TS_SetResolution                       3421      3D      61       2   .text       
- VARIABLES:
     GL_TS_ConfigData                           100      1C      28      31   .data       
     GL_OnTouchAction                           221       2       2       3   .bss        
     GL_TS_State                                223       1       1       5   .bss        
     _Vector_25                                FFCC       2       2       0   .abs_section_ffcc
     _Vector_26                                FFCA       2       2       0   .abs_section_ffca
     GL_TS_REG                                  2E7       1       1      20   .common     
     GL_TS_ACT_REG                              2E8       1       1       8   .common     
     GL_TS_Median                               2E9      1A      26      36   .common     
MODULE:                 -- C:\Users\Ondøej Klubal\Documents\Project\Project_Data\Library_IRQ_OPT\ObjectCode\gl_font.c.o (GraphicLib_irq_opt.lib) --
- PROCEDURES:
     GL_LOW_BITMAP_TransactionPutPixelsRes_Text       345E      14      20       1   .text       
     GL_LOW_CountWidth                         3472      1A      26       2   .text       
     GL_LOW_DrawChar                           348C     140     320       1   .text       
     GL_LOW_Text                               35CC      EF     239       4   .text       
     GL_LOW_DrawText                           36BB      81     129       2   .text       
     GL_LOW_GetTextMetrics                     373C      6D     109       2   .text       
     GL_SetFontColor3B                         37A9      17      23       2   .text       
- VARIABLES:
     GL_FONT_color                              224       5       5       6   .bss        
     GL_FONT_bold_size                          229       1       1       4   .bss        
     GL_FONT_GlyphPtr                           303       2       2       5   .common     
     GL_FONT_GlyphAction                        305       2       2       3   .common     
     GL_FONT_x                                  307       2       2       2   .common     
     GL_FONT_y                                  309       2       2       2   .common     
     GL_FONT_width                              30B       2       2      13   .common     
     GL_FONT_width2                             30D       2       2       5   .common     
     GL_FONT_height                             30F       2       2       6   .common     
MODULE:                 -- C:\Users\Ondøej Klubal\Documents\Project\Project_Data\Library_IRQ_OPT\ObjectCode\gl_high.c.o (GraphicLib_irq_opt.lib) --
- PROCEDURES:
     GL_HI_TouchActionProc                     37C0      C2     194       1   .text       
     GL_Handle_Event                           3882      70     112       1   .text       
     GL_HI_Objects_Handle_Events               38F2     12D     301       6   .text       
     GL_HI_Screen_Handle_Event                 3A1F      F2     242       3   .text       
     GL_HI_SetResolution                       3B11      3E      62       2   .text       
     GL_Init                                   3B4F      5F      95       1   .text       
     GL_HI_Screen_Calculate_ClientRect         3BAE      4C      76       4   .text       
     GL_HI_Container_Calculate_ClientRect       3BFA      50      80       3   .text       
     GL_HI_Object_Calculate_Rect               3C4A     10E     270       3   .text       
     GL_HI_Draw_Objects                        3D58      F6     246       4   .text       
     GL_HI_ReDraw_Object_NT                    3E4E     128     296       6   .text       
     GL_Screen_ReDraw_Object                   3F76      81     129       3   .text       
     GL_Screen_Draw                            3FF7      67     103       4   .text       
     GL_Container_Draw                         405E      30      48       2   .text       
     GL_Screen_RecalcObjectTable               408E      57      87       2   .text       
     GL_Screen_Create                          40E5      1A      26       1   .text       
     GL_HI_ScreenStack_Find                    40FF      1E      30       1   .text       
     GL_HI_ScreenStack_PushDown                411D      28      40       1   .text       
     GL_Screen_Activate                        4145      85     133       2   .text       
     GL_HI_Screen_Test_Draw                    41CA      5B      91       2   .text       
     GL_Screen_CloseTop                        4225      41      65       1   .text       
     GL_Screen_SetRect                         4266      40      64       1   .text       
     GL_HI_Screen_DrawAround_Helper            42A6      31      49       1   .text       
     GL_Screen_DrawAround                      42D7     141     321       5   .text       
- VARIABLES:
     GL_HI_ActiveScreen                         311       1       1      17   .common     
     GL_HI_ScreenStack                          312      14      20      15   .common     
     GL_ActiveObjectRect                        326       8       8      62   .common     
     GL_ActScreen                               32E       2       2       5   .common     
     GL_ActContainer                            330       2       2       4   .common     
     GL_OnDrawBackground                        332       2       2       2   .common     
     GL_HI_STATE_REG                            334       1       1       6   .common     
     GL_HI_Hook_EventFunction                   335       2       2       2   .common     
     GL_HI_Hook_Object                          337       2       2       2   .common     
     GL_HI_DragPosition                         339       4       4       8   .common     
MODULE:                 -- C:\Users\Ondøej Klubal\Documents\Project\Project_Data\Library_IRQ_OPT\ObjectCode\gl_low.c.o (GraphicLib_irq_opt.lib) --
- PROCEDURES:
     GL_SetPen                                 4418      10      16       5   .text       
     GL_LOW_TestActivePen                      4428      15      21       3   .text       
     GL_LOW_SetActivePenColorToDRV             443D      13      19       2   .text       
     GL_SetBrush                               4450       B      11       6   .text       
     GL_LOW_SetPixel                           445B      2D      45       1   .text       
     GL_LOW_SetBox                             4488      43      67       1   .text       
     GL_LOW_SetPixel_Counter                   44CB      37      55       1   .text       
     GL_LOW_SetBox_Counter                     4502      37      55       1   .text       
     GL_LOW_Pix_TableInit                      4539      53      83       2   .text       
     GL_LOW_T_POS_TRIM                         458C       D      13       2   .text       
     GL_LOW_PutPixels_TrimmPos                 4599      1B      27       4   .text       
     GL_LOW_DrawHVLine                         45B4     1C0     448      21   .text       
     GL_LOW_PutPixelsMIX                       4774      49      73       2   .text       
     GL_LOW_PutPixelsBLEND                     47BD      6B     107       2   .text       
     GL_LOW_FillRect                           4828     221     545       9   .text       
     GL_LOW_DrawRect                           4A49      EA     234       5   .text       
     GL_LOW_PixCircleQuadrant4                 4B33      35      53       2   .text       
     GL_LOW_PixCircleQuadrant3                 4B68      40      64       2   .text       
     GL_LOW_PixCircleQuadrant2                 4BA8      44      68       2   .text       
     GL_LOW_PixCircleQuadrant1                 4BEC      47      71       2   .text       
     GL_LOW_FC_COR                             4C33      5B      91       3   .text       
     GL_LOW_FCHOR_PutPixels                    4C8E       F      15       2   .text       
     GL_LOW_FCHOR_MIX_PutPixels                4C9D      30      48       1   .text       
     GL_LOW_FCHOR_BLEND_PutPixels              4CCD      31      49       1   .text       
     GL_LOW_FCVER_PutPixels                    4CFE      67     103       1   .text       
     GL_LOW_FillCircleQuadrant                 4D65     2E7     743      34   .text       
     GL_LOW_FC_SetBox_Counter                  504C       E      14       1   .text       
     GL_LOW_FC_SetPixel_Counter                505A       E      14       1   .text       
     GL_LOW_DrawCircleQuadrant                 5068     145     325      17   .text       
     GL_LOW_DrawRectRounded                    51AD     381     897      33   .text       
- VARIABLES:
     GL_LOW_active_brush_style                  11C       1       1      11   .data       
     GL_LOW_active_pen_width                    11D       1       1      15   .data       
     GL_LOW_circle_mode                         11E       1       1       4   .data       
     GL_LOW_active_brush                        22A       2       2      35   .bss        
     GL_LOW_active_pen                          22C       2       2       4   .bss        
     GL_LOW_active_pen_style                    22E       1       1       4   .bss        
     GL_LOW_pos_x                               22F       2       2      34   .bss        
     GL_LOW_pos_y                               231       2       2      31   .bss        
     GL_LOW_pos2_x                              233       2       2      12   .bss        
     GL_LOW_pos2_y                              235       2       2      12   .bss        
     GL_LOW_Pix_State                           33D       1       1      17   .common     
     GL_LOW_Pix_Counter                         33E       1       1       7   .common     
     GL_LOW_Pix_LookupTable                     33F       4       4      23   .common     
     GL_LOW_Pix_BoxSize                         343       1       1       3   .common     
     GL_LOW_Circle_SetPixel                     344       2       2       9   .common     
MODULE:                 -- C:\Users\Ondøej Klubal\Documents\Project\Project_Data\Library_IRQ_OPT\ObjectCode\gl_low_common.c.o (GraphicLib_irq_opt.lib) --
- PROCEDURES:
     GL_SetResolution                          552E      26      38       1   .text       
     GL_LOW_MaxX                               5554       C      12       3   .text       
     GL_LOW_MinX                               5560       8       8       3   .text       
     GL_LOW_MaxY                               5568       C      12       3   .text       
     GL_LOW_MinY                               5574       8       8       3   .text       
     GL_LOW_TrimmArea                          557C      9E     158      12   .text       
     GL_TestPixel                              561A      29      41       1   .text       
     GL_SetRectangle_Trimm                     5643      1A      26       1   .text       
     GL_SetDrawAreaRect                        565D      36      54       5   .text       
- VARIABLES:
     GL_LOW_config_register                     11F       1       1      14   .data       
     GL_LOW_window_x2                           120       2       2       2   .data       
     GL_LOW_window_y2                           122       2       2       2   .data       
     GL_LOW_window_x1                           237       2       2       2   .bss        
     GL_LOW_window_y1                           239       2       2       2   .bss        
     GL_LOW_trimm_x                             346       2       2      30   .common     
     GL_LOW_trimm_y                             348       2       2      30   .common     
     GL_LOW_trimm_w                             34A       2       2      31   .common     
     GL_LOW_trimm_h                             34C       2       2      27   .common     
MODULE:                 -- main.c.o --
- PROCEDURES:
     OnDrawScreenBackground                    5693      21      33       1   .text       
     emptyButton                               56B4      20      32       2   .text       
     loadFiles                                 56D4     110     272       8   .text       
     scrollUp                                  57E4      14      20       1   .text       
     scrollDown                                57F8       D      13       1   .text       
     deleteFile                                5805      7E     126       5   .text       
     reload                                    5883      4C      76       1   .text       
     redraw                                    58CF      1E      30       5   .text       
     main                                      58ED      69     105       1   .text       
- VARIABLES:
     GL_HI_PEN_NONE                            19F6       5       5       1   .rodata     
     GL_HI_BRUSH_BACKGROUND                    19FB       7       7       1   .rodata     
     STRING.Rld.1                              23EE       4       4       1   .rodata1    
     STRING.Up.2                               23F2       3       3       1   .rodata1    
     STRING.Down.3                             23F5       5       5       1   .rodata1    
     STRING.SD.Card.reader.4                   23FA       F      15       1   .rodata1    
     fileBtn_0                                  124      12      18       3   .data       
     fileBtn_1                                  136      12      18       3   .data       
     fileBtn_2                                  148      12      18       3   .data       
     fileBtn_3                                  15A      12      18       3   .data       
     fileBtn_4                                  16C      12      18       3   .data       
     btnReload                                  17E      12      18       1   .data       
     btnUp                                      190      12      18       1   .data       
     btnDown                                    1A2      12      18       1   .data       
     screen                                     1B4      24      36       1   .data       
     screen_objs                                1D8      12      18       1   .data       
     buttonFileName                             34E      37      55      12   .common     
     scrollOffset                               385       1       1       5   .common     
     sFileStructure                             386       2       2      16   .common     
MODULE:                 -- RTSHC08.C.o (ansiis.lib) --
- PROCEDURES:
     _PUSH_ARGS_L                              5956      20      32       2   .text       
     _ENTER_UNARY_L                            5976      29      41       3   .text       
     _ENTER_BINARY_L                           599F      16      22       5   .text       
     _ENTER_BINARY_L_RC                        59B5      19      25       1   .text       
     _IDIVMOD                                  59CE      69     105       3   .text       
     _SPLITSIGN                                5A37      1C      28       1   .text       
     _LADD_k_is_k_plus_j                       5A53      1F      31       1   .text       
     _k_is_k_plus_j_l                          5A72      1E      30       2   .text       
     _k_is_k_plus_j_i                          5A90      12      18       3   .text       
     _LSUB_k_is_k_minus_j                      5AA2      1F      31       1   .text       
     _LAND_k_is_k_and_j                        5AC1      1F      31       1   .text       
     _LMUL_k_is_k_mul_j                        5AE0      81     129       1   .text       
     _LDIVMOD                                  5B61      A4     164       1   .text       
     _LDIVU_k_is_k_div_j                       5C05      17      23       1   .text       
     _LCMP_k_rel_j                             5C1C      1F      31       1   .text       
     _IMUL_STAR08                              5C3B      27      39       5   .text       
     _IDIVS_STAR08                             5C62      1B      27       1   .text       
     _IDIVU_STAR08                             5C7D       D      13       8   .text       
     _IMODU_STAR08                             5C8A      10      16       6   .text       
     _ILSR                                     5C9A       C      12       2   .text       
     _ILSL                                     5CA6       C      12       3   .text       
     _ICMP                                     5CB2      16      22       3   .text       
     _LINC                                     5CC8      16      22       2   .text       
     _LADD                                     5CDE       6       6      11   .text       
     _LSUB                                     5CE4       6       6       2   .text       
     _LAND_RC                                  5CEA       6       6       2   .text       
     _LMUL                                     5CF0       6       6       4   .text       
     _LDIVU                                    5CF6       6       6       1   .text       
     _LLSR                                     5CFC      16      22       3   .text       
     _LLSL                                     5D12      16      22       4   .text       
     _LCMP                                     5D28       6       6       8   .text       
     _COPY                                     5D2E      30      48      19   .text       
     _POP32                                    5D5E      1A      26      11   .text       
     _SEXT16_32                                5D78       D      13       2   .text       
     _CALL_STAR08                              5D85      20      32      12   .text       
     _Jump_Table_Header_Addr                   5DA5      2F      47       4   .text       
     _Jump_Table_Header_Offset                 5DD4      24      36       9   .text       
- VARIABLES:
MODULE:                 -- MC9S08JM60.C.o --
- PROCEDURES:
- VARIABLES:
     _PTAD                                        0       1       1      66   .abs_section_0
     _PTADD                                       1       1       1       1   .abs_section_1
     _PTBD                                        2       1       1      39   .abs_section_2
     _PTBDD                                       3       1       1       8   .abs_section_3
     _PTCD                                        4       1       1       0   .abs_section_4
     _PTCDD                                       5       1       1       1   .abs_section_5
     _PTDD                                        6       1       1       8   .abs_section_6
     _PTDDD                                       7       1       1       7   .abs_section_7
     _PTED                                        8       1       1      20   .abs_section_8
     _PTEDD                                       9       1       1       5   .abs_section_9
     _PTFD                                        A       1       1       5   .abs_section_a
     _PTFDD                                       B       1       1       5   .abs_section_b
     _PTGD                                        C       1       1       0   .abs_section_c
     _PTGDD                                       D       1       1       1   .abs_section_d
     _ACMPSC                                      E       1       1       0   .abs_section_e
     _ADCSC1                                     10       1       1       4   .abs_section_10
     _ADCSC2                                     11       1       1       2   .abs_section_11
     _ADCCFG                                     16       1       1       2   .abs_section_16
     _APCTL1                                     17       1       1       0   .abs_section_17
     _APCTL2                                     18       1       1       4   .abs_section_18
     _IRQSC                                      1B       1       1       0   .abs_section_1b
     _KBISC                                      1C       1       1       4   .abs_section_1c
     _KBIPE                                      1D       1       1       3   .abs_section_1d
     _KBIES                                      1E       1       1       1   .abs_section_1e
     _TPM1SC                                     20       1       1       0   .abs_section_20
     _TPM1C0SC                                   25       1       1       0   .abs_section_25
     _TPM1C1SC                                   28       1       1       0   .abs_section_28
     _TPM1C2SC                                   2B       1       1       0   .abs_section_2b
     _TPM1C3SC                                   2E       1       1       0   .abs_section_2e
     _TPM1C4SC                                   31       1       1       0   .abs_section_31
     _TPM1C5SC                                   34       1       1       0   .abs_section_34
     _SCI1C1                                     3A       1       1       0   .abs_section_3a
     _SCI1C2                                     3B       1       1       0   .abs_section_3b
     _SCI1S1                                     3C       1       1       0   .abs_section_3c
     _SCI1S2                                     3D       1       1       0   .abs_section_3d
     _SCI1C3                                     3E       1       1       0   .abs_section_3e
     _SCI1D                                      3F       1       1       0   .abs_section_3f
     _SCI2C1                                     42       1       1       0   .abs_section_42
     _SCI2C2                                     43       1       1       0   .abs_section_43
     _SCI2S1                                     44       1       1       0   .abs_section_44
     _SCI2S2                                     45       1       1       0   .abs_section_45
     _SCI2C3                                     46       1       1       0   .abs_section_46
     _SCI2D                                      47       1       1       0   .abs_section_47
     _MCGC1                                      48       1       1       5   .abs_section_48
     _MCGC2                                      49       1       1       4   .abs_section_49
     _MCGTRM                                     4A       1       1       0   .abs_section_4a
     _MCGSC                                      4B       1       1      12   .abs_section_4b
     _MCGC3                                      4C       1       1       2   .abs_section_4c
     _SPI1C1                                     50       1       1       3   .abs_section_50
     _SPI1C2                                     51       1       1       1   .abs_section_51
     _SPI1BR                                     52       1       1       2   .abs_section_52
     _SPI1S                                      53       1       1       3   .abs_section_53
     _IICA                                       58       1       1       0   .abs_section_58
     _IICF                                       59       1       1       0   .abs_section_59
     _IICC1                                      5A       1       1       0   .abs_section_5a
     _IICS                                       5B       1       1       0   .abs_section_5b
     _IICD                                       5C       1       1       0   .abs_section_5c
     _IICC2                                      5D       1       1       0   .abs_section_5d
     _TPM2SC                                     60       1       1       0   .abs_section_60
     _TPM2C0SC                                   65       1       1       0   .abs_section_65
     _TPM2C1SC                                   68       1       1       0   .abs_section_68
     _RTCSC                                      6C       1       1       0   .abs_section_6c
     _RTCCNT                                     6D       1       1       0   .abs_section_6d
     _RTCMOD                                     6E       1       1       0   .abs_section_6e
     _SPI2C1                                     70       1       1       0   .abs_section_70
     _SPI2C2                                     71       1       1       0   .abs_section_71
     _SPI2BR                                     72       1       1       0   .abs_section_72
     _SPI2S                                      73       1       1       0   .abs_section_73
     _USBCTL0                                    80       1       1       0   .abs_section_80
     _PERID                                      88       1       1       0   .abs_section_88
     _IDCOMP                                     89       1       1       0   .abs_section_89
     _REV                                        8A       1       1       0   .abs_section_8a
     _INTSTAT                                    90       1       1       9   .abs_section_90
     _INTENB                                     91       1       1       6   .abs_section_91
     _ERRSTAT                                    92       1       1       0   .abs_section_92
     _ERRENB                                     93       1       1       0   .abs_section_93
     _STAT                                       94       1       1       3   .abs_section_94
     _CTL                                        95       1       1       5   .abs_section_95
     _ADDR                                       96       1       1       2   .abs_section_96
     _FRMNUML                                    97       1       1       0   .abs_section_97
     _FRMNUMH                                    98       1       1       0   .abs_section_98
     _EPCTL0                                     9D       1       1       8   .abs_section_9d
     _EPCTL1                                     9E       1       1       2   .abs_section_9e
     _EPCTL2                                     9F       1       1       0   .abs_section_9f
     _EPCTL3                                     A0       1       1       0   .abs_section_a0
     _EPCTL4                                     A1       1       1       0   .abs_section_a1
     _EPCTL5                                     A2       1       1       0   .abs_section_a2
     _EPCTL6                                     A3       1       1       0   .abs_section_a3
     _SRS                                      1800       1       1       0   .abs_section_1800
     _SBDFR                                    1801       1       1       0   .abs_section_1801
     _SOPT1                                    1802       1       1       2   .abs_section_1802
     _SOPT2                                    1803       1       1       0   .abs_section_1803
     _SPMSC1                                   1809       1       1       1   .abs_section_1809
     _SPMSC2                                   180A       1       1       1   .abs_section_180a
     _DBGC                                     1816       1       1       0   .abs_section_1816
     _DBGT                                     1817       1       1       0   .abs_section_1817
     _DBGS                                     1818       1       1       0   .abs_section_1818
     _FCDIV                                    1820       1       1       0   .abs_section_1820
     _FOPT                                     1821       1       1       0   .abs_section_1821
     _FCNFG                                    1823       1       1       0   .abs_section_1823
     _FPROT                                    1824       1       1       0   .abs_section_1824
     _FSTAT                                    1825       1       1       0   .abs_section_1825
     _FCMD                                     1826       1       1       0   .abs_section_1826
     _PTAPE                                    1840       1       1       0   .abs_section_1840
     _PTASE                                    1841       1       1       1   .abs_section_1841
     _PTADS                                    1842       1       1       1   .abs_section_1842
     _PTBPE                                    1844       1       1       0   .abs_section_1844
     _PTBSE                                    1845       1       1       1   .abs_section_1845
     _PTBDS                                    1846       1       1       1   .abs_section_1846
     _PTCPE                                    1848       1       1       0   .abs_section_1848
     _PTCSE                                    1849       1       1       1   .abs_section_1849
     _PTCDS                                    184A       1       1       1   .abs_section_184a
     _PTDPE                                    184C       1       1       2   .abs_section_184c
     _PTDSE                                    184D       1       1       1   .abs_section_184d
     _PTDDS                                    184E       1       1       1   .abs_section_184e
     _PTEPE                                    1850       1       1       0   .abs_section_1850
     _PTESE                                    1851       1       1       1   .abs_section_1851
     _PTEDS                                    1852       1       1       1   .abs_section_1852
     _PTFPE                                    1854       1       1       0   .abs_section_1854
     _PTFSE                                    1855       1       1       1   .abs_section_1855
     _PTFDS                                    1856       1       1       1   .abs_section_1856
     _PTGPE                                    1858       1       1       1   .abs_section_1858
     _PTGSE                                    1859       1       1       1   .abs_section_1859
     _PTGDS                                    185A       1       1       1   .abs_section_185a
     _ADCR                                       12       2       2       2   .abs_section_12
     _ADCCV                                      14       2       2       0   .abs_section_14
     _TPM1CNT                                    21       2       2       0   .abs_section_21
     _TPM1MOD                                    23       2       2       0   .abs_section_23
     _TPM1C0V                                    26       2       2       0   .abs_section_26
     _TPM1C1V                                    29       2       2       0   .abs_section_29
     _TPM1C2V                                    2C       2       2       0   .abs_section_2c
     _TPM1C3V                                    2F       2       2       0   .abs_section_2f
     _TPM1C4V                                    32       2       2       0   .abs_section_32
     _TPM1C5V                                    35       2       2       0   .abs_section_35
     _SCI1BD                                     38       2       2       0   .abs_section_38
     _SCI2BD                                     40       2       2       0   .abs_section_40
     _SPI1D16                                    54       2       2       4   .abs_section_54
     _SPI1M                                      56       2       2       0   .abs_section_56
     _TPM2CNT                                    61       2       2       0   .abs_section_61
     _TPM2MOD                                    63       2       2       0   .abs_section_63
     _TPM2C0V                                    66       2       2       0   .abs_section_66
     _TPM2C1V                                    69       2       2       0   .abs_section_69
     _SPI2D16                                    74       2       2       0   .abs_section_74
     _SPI2M                                      76       2       2       0   .abs_section_76
     _SDID                                     1806       2       2       0   .abs_section_1806
     _DBGCA                                    1810       2       2       0   .abs_section_1810
     _DBGCB                                    1812       2       2       0   .abs_section_1812
     _DBGF                                     1814       2       2       0   .abs_section_1814
MODULE:                 -- Start08.c.o --
- PROCEDURES:
     loadByte                                  1960       E      14       5   .init       
     Init                                      196E      6D     109       1   .init       
     _Startup                                  19DB       9       9       1   .init       
- VARIABLES:
     _startupData                              19E4       6       6       4   .startData  
- LABELS:
     __SEG_END_SSTACK                           7B9       0       0       1               
MODULE:                 -- MCUinit.c.o --
- PROCEDURES:
     MCU_init                                  5DF8      80     128       1   .text       
- VARIABLES:
     NVPROT_INIT                               FFBD       1       1       0   .abs_section_ffbd
     NVOPT_INIT                                FFBF       1       1       0   .abs_section_ffbf
     _vect                                     FFFE       2       2       0   .abs_section_fffe
MODULE:                 -- Arial_16px.c.o --
- PROCEDURES:
- VARIABLES:
     Arial_16px_block_33                       1A02     122     290       1   .rodata     
     Arial_16px_block_55                       1B24     11D     285       1   .rodata     
     Arial_16px_block_75                       1C41     11D     285       1   .rodata     
     Arial_16px_block_93                       1D5E       B      11       1   .rodata     
     Arial_16px_block_95                       1D69       6       6       1   .rodata     
     Arial_16px_block_97                       1D6F     114     276       1   .rodata     
     Arial_16px_block_116                      1E83      8D     141       1   .rodata     
     Arial_16px_block_130                      1F10       4       4       1   .rodata     
     Arial_16px_block_132                      1F14       6       6       1   .rodata     
     Arial_16px_block_138                      1F1A      1E      30       1   .rodata     
     Arial_16px_block_141                      1F38      29      41       1   .rodata     
     Arial_16px_block_145                      1F61      28      40       1   .rodata     
     Arial_16px_block_153                      1F89      24      36       1   .rodata     
     Arial_16px_block_157                      1FAD      30      48       1   .rodata     
     Arial_16px_block_164                      1FDD      40      64       1   .rodata     
     Arial_16px_block_171                      201D       8       8       1   .rodata     
     Arial_16px_block_173                      2025      16      22       1   .rodata     
     Arial_16px_block_176                      203B      16      22       1   .rodata     
     Arial_16px_block_181                      2051      14      20       1   .rodata     
     Arial_16px_block_183                      2065       5       5       1   .rodata     
     Arial_16px_block_187                      206A       8       8       1   .rodata     
     Arial_16px_block_193                      2072      14      20       1   .rodata     
     Arial_16px_block_200                      2086      29      41       1   .rodata     
     Arial_16px_block_204                      20AF      25      37       1   .rodata     
     Arial_16px_block_207                      20D4      14      20       1   .rodata     
     Arial_16px_block_210                      20E8      29      41       1   .rodata     
     Arial_16px_block_215                      2111      4A      74       1   .rodata     
     Arial_16px_block_221                      215B      14      20       1   .rodata     
     Arial_16px_block_225                      216F      10      16       1   .rodata     
     Arial_16px_block_232                      217F      21      33       1   .rodata     
     Arial_16px_block_236                      21A0      1E      30       1   .rodata     
     Arial_16px_block_239                      21BE      12      18       1   .rodata     
     Arial_16px_block_242                      21D0      21      33       1   .rodata     
     Arial_16px_block_247                      21F1      3F      63       1   .rodata     
     Arial_16px_block_253                      2230      15      21       1   .rodata     
     Arial_16px                                2245      92     146       1   .rodata     
MODULE:                 -- C:\MCU_Development\Freescale\CodeWarrior for Microcontrollers V6.2\lib\Project\Project_Data\Win_Components\ObjectCode\WinButton.c.o (WinControls.lib) --
- PROCEDURES:
     DrawButtonRectA                           5E78      26      38       1   .text       
     DrawButtonRectB                           5E9E      26      38       1   .text       
     OnButtonDrawWin                           5EC4      98     152       8   .text       
     OnButtonEventWin                          5F5C      5B      91       8   .text       
- VARIABLES:
MODULE:                 -- C:\MCU_Development\Freescale\CodeWarrior for Microcontrollers V6.2\lib\Project\Project_Data\Win_Components\ObjectCode\WinGlobal.c.o (WinControls.lib) --
- PROCEDURES:
- VARIABLES:
     win_font_color                             1EA       3       3       3   .data       
     win_pen_button_border                      1ED       5       5       2   .data       
     win_pen_border                             1F2       5       5       3   .data       
     win_brush_title                            1F7       7       7       1   .data       
     win_screen_background                      1FE       7       7       1   .data       
     win_brush_close_button                     205       7       7       1   .data       
     win_brush_button_on                        20C       7       7       1   .data       
     win_brush_button_off                       213       7       7       1   .data       
     win_main_font                              23B       2       2       5   .bss        
MODULE:                 -- C:\MCU_Development\Freescale\CodeWarrior for Microcontrollers V6.2\lib\Project\Project_Data\Win_Components\ObjectCode\WinScreen.c.o (WinControls.lib) --
- PROCEDURES:
     OnScreenEventWin                          5FB7     142     322       4   .text       
     OnScreenDrawWin                           60F9     18D     397       2   .text       
- VARIABLES:
MODULE:                 -- gl_high.c.o --
- PROCEDURES:
     GL_Screen_Redraw_Object_FS                6286      1C      28       5   .text       
- VARIABLES:
MODULE:                 -- Fat.c.o --
- PROCEDURES:
     LWordSwap                                 62A2      7E     126       5   .text       
     FAT_Read_Master_Block                     6320     12B     299       3   .text       
     FAT_FileClose                             644B     253     595       1   .text       
     FAT_SearchAvailableFAT                    669E      A8     168       2   .text       
     FAT_Entry                                 6746     10C     268       1   .text       
     FAT_FileNameOrganizer                     6852      43      67       1   .text       
     FAT_FileOpen                              6895     5D4    1492      64   .text       
- VARIABLES:
     u16Main_Offset                             23D       2       2       7   .bss        
     WHandler                                   388      19      25      46   .common     
     RHandler                                   3A1       A      10       5   .common     
     ag8FATReadBuffer                           3AB     200     512      31   .common     
     u16FAT_Sector_Size                         5AB       2       2      18   .common     
     u16FAT_Cluster_Size                        5AD       2       2       3   .common     
     u16FAT_FAT_BASE                            5AF       2       2      15   .common     
     u16FAT_Root_BASE                           5B1       2       2      12   .common     
     u16FAT_Data_BASE                           5B3       2       2       3   .common     
MODULE:                 -- SD.c.o --
- PROCEDURES:
     SD_Init                                   6E69      6B     107       2   .text       
     SD_Write_Block                            6ED4      85     133       5   .text       
     SD_Read_Block                             6F59      61      97       9   .text       
     SD_SendCommand                            6FBA      3D      61       5   .text       
     SD_CLKDelay                               6FF7       F      15       2   .text       
- VARIABLES:
     gu8SD_Argument                             5B5       4       4      11   .common     
MODULE:                 -- SPI.c.o --
- PROCEDURES:
     SPI_Init                                  7006       D      13       2   .text       
     SPI_Send_byte                             7013       C      12      10   .text       
     SPI_Receive_byte                          701F       B      11      10   .text       
     SPI_High_rate                             702A       9       9       1   .text       
- VARIABLES:
MODULE:                 -- cdct_usb_config.c.o --
- PROCEDURES:
     get_device_descriptor                     7033       4       4       1   .text       
     is_cfgd_index                             7037       A      10       2   .text       
     get_cfg_descriptor                        7041       8       8       1   .text       
     is_str_index                              7049       9       9       1   .text       
     get_str_descriptor                        7052       8       8       2   .text       
     is_ifc_ndx                                705A      1A      26       1   .text       
     is_ep_ndx                                 7074      24      36       1   .text       
     get_ep_descriptor                         7098      27      39       1   .text       
- VARIABLES:
     string_descriptor0                        22D7       4       4       1   .rodata     
     str_manufacturer                          22DB      1A      26       1   .rodata     
     str_config                                22F5      2C      44       1   .rodata     
     str_interface1                            2321       8       8       1   .rodata     
     str_interface2                            2329      12      18       1   .rodata     
     str_serail_number                         233B       A      10       1   .rodata     
     str_product                               2345      46      70       1   .rodata     
     usb_string_descriptors                    238B       E      14       1   .rodata     
     usb_device_descriptor                     2399      12      18       1   .rodata     
     usb_config_descriptor                     23AB      43      67       4   .rodata     
MODULE:                 -- target.c.o --
- PROCEDURES:
     init_clock                                70BF      29      41       1   .text       
     init_board                                70E8      18      24       1   .text       
     _irq_restore                              7100       B      11       4   .text       
     _irq_disable                              710B       A      10       3   .text       
     hw_init                                   7115       E      14       1   .text       
- VARIABLES:
MODULE:                 -- usb.c.o --
- PROCEDURES:
     ep2bdtndx                                 7123      37      55       8   .text       
     usb_get_rx_pptr                           715A      35      53       2   .text       
     send_zero_packet                          718F      24      36       2   .text       
     usb_setup_ep                              71B3     1B7     439      11   .text       
     set_config                                736A      BB     187       2   .text       
     enter_default_state                       7425      26      38       2   .text       
     usb_stop_ep_tx                            744B      29      41       3   .text       
     usb_stop_ep_rx                            7474      29      41       3   .text       
     ready_ep_tx                               749D      3D      61       2   .text       
     ready_ep_rx                               74DA      58      88       2   .text       
     disable_ep                                7532       6       6       1   .text       
     _usb_send                                 7538     20D     525       9   .text       
     usb_send                                  7745      C9     201       4   .text       
     _usb_receive                              780E     164     356       5   .text       
     usb_receive                               7972      72     114       1   .text       
     cb_set_address                            79E4      1A      26       1   .text       
     usb_stm_ctrl0                             79FE     264     612      24   .text       
     usb_it_handler                            7C62     1EE     494       6   .text       
- VARIABLES:
     usb_current_config                         23F       1       1       2   .bss        
     usb_state                                  240       1       1       3   .bss        
     new_address                                241       1       1       4   .bss        
     ep_info                                    242      6C     108     132   .bss        
     _Vector_7                                 FFF0       2       2       0   .abs_section_fff0
MODULE:                 -- usb_cdc.c.o --
- PROCEDURES:
     usb_bus_error_event                       7E50       1       1       1   .text       
     usb_suspend_event                         7E51       1       1       1   .text       
     usb_wakeup_event                          7E52       1       1       1   .text       
     usb_reset_event                           7E53       1       1       1   .text       
     got_line_coding                           7E54       8       8       1   .text       
     usb_ep0_callback                          7E5C      DF     223       1   .text       
- VARIABLES:
     line_coding                                21A       7       7       2   .data       
     new_line_coding                            2AE       1       1       1   .bss        
     ctrl_line_state                            2AF       1       1       1   .bss        
     uart_state                                 2B0       2       2       1   .bss        

*********************************************************************************************
MODULE STATISTIC
  Name                                      Data   Code  Const
---------------------------------------------------------------------------------------------
  C:\Users\Ondøej Klubal\Documents\Project\Project_Data\Library_IRQ_OPT\ObjectCode\gl_bitmap.c.o (GraphicLib_irq_opt.lib)    22    374      0
  C:\Users\Ondøej Klubal\Documents\Project\Project_Data\Library_IRQ_OPT\ObjectCode\gl_calc.c.o (GraphicLib_irq_opt.lib)     6    626      0
  C:\Users\Ondøej Klubal\Documents\Project\Project_Data\Library_IRQ_OPT\ObjectCode\gl_drv.c.o (GraphicLib_irq_opt.lib)    42   2157      0
  C:\Users\Ondøej Klubal\Documents\Project\Project_Data\Library_IRQ_OPT\ObjectCode\gl_drv_common.c.o (GraphicLib_irq_opt.lib)     0    106      0
  C:\Users\Ondøej Klubal\Documents\Project\Project_Data\Library_IRQ_OPT\ObjectCode\gl_drv_touch.c.o (GraphicLib_irq_opt.lib)    59    918      4
  C:\Users\Ondøej Klubal\Documents\Project\Project_Data\Library_IRQ_OPT\ObjectCode\gl_font.c.o (GraphicLib_irq_opt.lib)    20    866      0
  C:\Users\Ondøej Klubal\Documents\Project\Project_Data\Library_IRQ_OPT\ObjectCode\gl_high.c.o (GraphicLib_irq_opt.lib)    44   3160      0
  C:\Users\Ondøej Klubal\Documents\Project\Project_Data\Library_IRQ_OPT\ObjectCode\gl_low.c.o (GraphicLib_irq_opt.lib)    25   4374      0
  C:\Users\Ondøej Klubal\Documents\Project\Project_Data\Library_IRQ_OPT\ObjectCode\gl_low_common.c.o (GraphicLib_irq_opt.lib)    17    357      0
  main.c.o                                   256    707     39
  RTSHC08.C.o (ansiis.lib)                     0   1186      0
  MC9S08JM60.C.o                             172      0      0
  Start08.c.o                                  0    132      0
  MCUinit.c.o                                  0    128      4
  Arial_16px.c.o                               0      0   2261
  C:\MCU_Development\Freescale\CodeWarrior for Microcontrollers V6.2\lib\Project\Project_Data\Win_Components\ObjectCode\WinButton.c.o (WinControls.lib)     0    319      0
  C:\MCU_Development\Freescale\CodeWarrior for Microcontrollers V6.2\lib\Project\Project_Data\Win_Components\ObjectCode\WinGlobal.c.o (WinControls.lib)    50      0      0
  C:\MCU_Development\Freescale\CodeWarrior for Microcontrollers V6.2\lib\Project\Project_Data\Win_Components\ObjectCode\WinScreen.c.o (WinControls.lib)     0    719      0
  gl_high.c.o                                  0     28      0
  Fat.c.o                                    559   3015      0
  SD.c.o                                       4    413      0
  SPI.c.o                                      0     45      0
  cdct_usb_config.c.o                          0    140    279
  target.c.o                                   0    100      0
  usb.c.o                                    111   3373      2
  usb_cdc.c.o                                 11    235      0
  other                                      512     18    284

*********************************************************************************************
SECTION USE IN OBJECT-ALLOCATION SECTION
---------------------------------------------------------------------------------------------
SECTION: ".text"
  GL_SetByteStreamPos GL_LOW_BITMAP_TransactionSkipPixelsRes2B 
  GL_LOW_BITMAP_TransactionPutPixelsRes2B GL_LOW_Bitmap_PreparePointer 
  GL_LOW_Bitmap_TransferPixel_1b GL_LOW_Bitmap_TransferPixels GL_CALC_Blend 
  GL_CALC_Gradient GL_CALC_GradientSt GL_CALC_GradientZero 
  GL_CALC_GradientByteZero GL_CALC_ConvertColor_3Bto2B 
  GL_CALC_ConvertColor_2Bto3B GL_CALC_RectIntersect GL_CALC_RectIntersectValid 
  GL_CALC_IsInRect GL_LCD_COLOR_3B_TO_2B GL_LCD_COLOR2_3B_TO_2B 
  GL_LCD_NULL_FUNCTION GL_LCD_SetColorMode GL_LCD_SetFillDirection 
  GL_LCD_Set_320x240 GL_LCD_Set_240x320 GL_LCD_SetHorizontalFlip 
  GL_LCD_SetVerticalFlip GL_LCD_SetSize GL_LCD_SetSizeEff GL_LCD_SetSizeShort 
  GL_LCD_SetVerticalPosition GL_LCD_SetHorizontalPosition GL_LCD_SetPosition 
  GL_LCD_SetRectangle GL_LCD_SetFullScreen GL_LCD_write_reg 
  GL_LCD_write_gram_2b GL_LCD_write_gram_3b GL_LCD_write_gram_internal_head 
  GL_LCD_write_gram_mpl_3b GL_LCD_RAR_write_gram_mplg_helper 
  GL_LCD_write_gram_mplg_3b GL_LCD_write_gram_mplg_2b GL_LCD_write_gram_mpl_2b 
  GL_LCD_read_reg GL_LCD_TransactionGetPixel GL_LCD_gram_rw_transaction_write3b 
  GL_LCD_TransactionSkipPixel2B GL_LCD_gram_rw_transaction_write2b GL_LCD_init 
  GL_DRV_DELAY_1ms GL_DRV_BEEP GL_DRV_DELAY GL_TS_KB_Interrupt 
  GL_TS_ADC_Interrupt GL_TS_FromIdle GL_TS_ToIdle GL_TS_ToActiveA 
  GL_TS_ToActiveB GL_TS_KB_Interrupt_proc GL_TS_NewAction GL_TS_HadnleActions 
  GL_TS_ADC_Interrupt_proc GL_TS_Init GL_TS_SetResolution 
  GL_LOW_BITMAP_TransactionPutPixelsRes_Text GL_LOW_CountWidth GL_LOW_DrawChar 
  GL_LOW_Text GL_LOW_DrawText GL_LOW_GetTextMetrics GL_SetFontColor3B 
  GL_HI_TouchActionProc GL_Handle_Event GL_HI_Objects_Handle_Events 
  GL_HI_Screen_Handle_Event GL_HI_SetResolution GL_Init 
  GL_HI_Screen_Calculate_ClientRect GL_HI_Container_Calculate_ClientRect 
  GL_HI_Object_Calculate_Rect GL_HI_Draw_Objects GL_HI_ReDraw_Object_NT 
  GL_Screen_ReDraw_Object GL_Screen_Draw GL_Container_Draw 
  GL_Screen_RecalcObjectTable GL_Screen_Create GL_HI_ScreenStack_Find 
[...]
 |  |  |  |  |  |        
 |  |  |  |  |  +- DrawButtonRectB     
 |  |  |  |  |  |  | 
 |  |  |  |  |  |  +- GL_SetPen            (see above)
 |  |  |  |  |  |  |  
 |  |  |  |  |  |  +- GL_SetBrush          (see above)
 |  |  |  |  |  |  |  
 |  |  |  |  |  |  +- GL_LOW_DrawRectRounded (see above)
 |  |  |  |  |  |     
 |  |  |  |  |  +- GL_SetFontColor3B   
 |  |  |  |  |  |  | 
 |  |  |  |  |  |  +- GL_CALC_ConvertColor_3Bto2B (see above)
 |  |  |  |  |  |     
 |  |  |  |  |  +- GL_LOW_DrawText     
 |  |  |  |  |     | 
 |  |  |  |  |     +- GL_LOW_TrimmArea     (see above)
 |  |  |  |  |     |  
 |  |  |  |  |     +- GL_LOW_Bitmap_TransferPixel_1b
 |  |  |  |  |     |  | 
 |  |  |  |  |     |  +- GL_LOW_Bitmap_PreparePointer
 |  |  |  |  |     |       
 |  |  |  |  |     +- GL_LOW_BITMAP_TransactionPutPixelsRes_Text
 |  |  |  |  |     |  | 
 |  |  |  |  |     |  +- GL_LOW_BITMAP_TransactionPutPixelsRes2B
 |  |  |  |  |     |  |  | 
 |  |  |  |  |     |  |  +- GL_LCD_gram_rw_transaction_write2b (see above)
 |  |  |  |  |     |  |  |  
 |  |  |  |  |     |  |  +- GL_LOW_BITMAP_TransactionSkipPixelsRes2B
 |  |  |  |  |     |  |     | 
 |  |  |  |  |     |  |     +- GL_LCD_TransactionSkipPixel2B
 |  |  |  |  |     |  |          
 |  |  |  |  |     |  +- GL_LOW_BITMAP_TransactionSkipPixelsRes2B (see above)
 |  |  |  |  |     |     
 |  |  |  |  |     +- GL_LOW_DrawChar     
 |  |  |  |  |     |  | 
 |  |  |  |  |     |  +- _IMUL_STAR08        
 |  |  |  |  |     |  |    
 |  |  |  |  |     |  +- GL_LOW_TrimmArea     (see above)
 |  |  |  |  |     |  |  
 |  |  |  |  |     |  +- GL_SetRectangle_Trimm
 |  |  |  |  |     |  |  | 
 |  |  |  |  |     |  |  +- GL_LCD_SetRectangle  (see above)
 |  |  |  |  |     |  |     
 |  |  |  |  |     |  +- GL_LCD_write_gram_internal_head (see above)
 |  |  |  |  |     |  |  
 |  |  |  |  |     |  +- GL_LOW_Bitmap_TransferPixels
 |  |  |  |  |     |  |  | 
 |  |  |  |  |     |  |  +- _IDIVS_STAR08       
 |  |  |  |  |     |  |  |  | 
 |  |  |  |  |     |  |  |  +- _SPLITSIGN          
 |  |  |  |  |     |  |  |     | 
 |  |  |  |  |     |  |  |     +- _IDIVMOD            
 |  |  |  |  |     |  |  |          
 |  |  |  |  |     |  |  +- _IDIVU_STAR08       
 |  |  |  |  |     |  |  |  | 
 |  |  |  |  |     |  |  |  +- _IDIVMOD             (see above)
 |  |  |  |  |     |  |  |     
 |  |  |  |  |     |  |  +- GL_SetByteStreamPos 
 |  |  |  |  |     |  |     | 
 |  |  |  |  |     |  |     +- _IMUL_STAR08         (see above)
 |  |  |  |  |     |  |     |  
 |  |  |  |  |     |  |     +- _LMUL                (see above)
 |  |  |  |  |     |  |     |  
 |  |  |  |  |     |  |     +- _POP32               (see above)
 |  |  |  |  |     |  |     |  
 |  |  |  |  |     |  |     +- _LLSR               
 |  |  |  |  |     |  |        | 
 |  |  |  |  |     |  |        +- _ENTER_UNARY_L       (see above)
 |  |  |  |  |     |  |           
 |  |  |  |  |     |  +- GL_LOW_CountWidth    (see above)
 |  |  |  |  |     |     
 |  |  |  |  |     +- GL_LCD_SetColorMode  (see above)
 |  |  |  |  |     |  
 |  |  |  |  |     +- GL_LCD_SetFillDirection (see above)
 |  |  |  |  |     |  
 |  |  |  |  |     +- GL_LOW_Text          (see above)
 |  |  |  |  |     |  
 |  |  |  |  |     +- GL_LCD_SetFullScreen (see above)
 |  |  |  |  |        
 |  |  |  |  +- reload              
 |  |  |  |     | 
 |  |  |  |     +- SD_Init             
 |  |  |  |     |  | 
 |  |  |  |     |  +- SPI_Init            
 |  |  |  |     |  |    
 |  |  |  |     |  +- SD_CLKDelay         
 |  |  |  |     |  |  | 
 |  |  |  |     |  |  +- SPI_Send_byte       
 |  |  |  |     |  |       
 |  |  |  |     |  +- SD_SendCommand      
 |  |  |  |     |  |  | 
 |  |  |  |     |  |  +- SPI_Send_byte        (see above)
 |  |  |  |     |  |  |  
 |  |  |  |     |  |  +- SPI_Receive_byte    
 |  |  |  |     |  |       
 |  |  |  |     |  +- SPI_Receive_byte     (see above)
 |  |  |  |     |  |  
 |  |  |  |     |  +- SPI_High_rate       
 |  |  |  |     |  |    
 |  |  |  |     |  +- SPI_Send_byte        (see above)
 |  |  |  |     |     
 |  |  |  |     +- FAT_Read_Master_Block
 |  |  |  |     |  | 
 |  |  |  |     |  +- SD_Read_Block       
 |  |  |  |     |     | 
 |  |  |  |     |     +- _LLSL               
 |  |  |  |     |     |  | 
 |  |  |  |     |     |  +- _ENTER_UNARY_L       (see above)
 |  |  |  |     |     |     
 |  |  |  |     |     +- _POP32               (see above)
 |  |  |  |     |     |  
 |  |  |  |     |     +- SD_SendCommand       (see above)
 |  |  |  |     |     |  
 |  |  |  |     |     +- SPI_Receive_byte     (see above)
 |  |  |  |     |        
 |  |  |  |     +- loadFiles           
 |  |  |  |     |  | 
 |  |  |  |     |  +- SD_Read_Block        (see above)
 |  |  |  |     |  |  
 |  |  |  |     |  +- _ILSL               
 |  |  |  |     |  |    
 |  |  |  |     |  +- emptyButton         
 |  |  |  |     |       
 |  |  |  |     +- emptyButton          (see above)
 |  |  |  |     |  
 |  |  |  |     +- GL_DRV_BEEP          (see above)
 |  |  |  |     |  
 |  |  |  |     +- redraw               (recursive dependency)
 |  |  |  |     |  | 
 |  |  |  |     |  +- fileBtn_0           
 |  |  |  |     |  |  | 
 |  |  |  |     |  |  +- OnButtonEventWin     (see above)
 |  |  |  |     |  |  |  
 |  |  |  |     |  |  +- OnButtonDrawWin      (see above)
 |  |  |  |     |  |  |  
 |  |  |  |     |  |  +- deleteFile           (recursive dependency)
 |  |  |  |     |  |     | 
 |  |  |  |     |  |     +- fileBtn_0            (see above)
 |  |  |  |     |  |     |  
 |  |  |  |     |  |     +- fileBtn_1           
 |  |  |  |     |  |     |  | 
 |  |  |  |     |  |     |  +- OnButtonEventWin     (see above)
 |  |  |  |     |  |     |  |  
 |  |  |  |     |  |     |  +- OnButtonDrawWin      (see above)
 |  |  |  |     |  |     |  |  
 |  |  |  |     |  |     |  +- deleteFile           (see above) (recursive dependency)
 |  |  |  |     |  |     |     
 |  |  |  |     |  |     +- fileBtn_2           
 |  |  |  |     |  |     |  | 
 |  |  |  |     |  |     |  +- OnButtonEventWin     (see above)
 |  |  |  |     |  |     |  |  
 |  |  |  |     |  |     |  +- OnButtonDrawWin      (see above)
 |  |  |  |     |  |     |  |  
 |  |  |  |     |  |     |  +- deleteFile           (see above) (recursive dependency)
 |  |  |  |     |  |     |     
 |  |  |  |     |  |     +- fileBtn_3           
 |  |  |  |     |  |     |  | 
 |  |  |  |     |  |     |  +- OnButtonEventWin     (see above)
 |  |  |  |     |  |     |  |  
 |  |  |  |     |  |     |  +- OnButtonDrawWin      (see above)
 |  |  |  |     |  |     |  |  
 |  |  |  |     |  |     |  +- deleteFile           (see above) (recursive dependency)
 |  |  |  |     |  |     |     
 |  |  |  |     |  |     +- fileBtn_4           
 |  |  |  |     |  |     |  | 
 |  |  |  |     |  |     |  +- OnButtonEventWin     (see above)
 |  |  |  |     |  |     |  |  
 |  |  |  |     |  |     |  +- OnButtonDrawWin      (see above)
 |  |  |  |     |  |     |  |  
 |  |  |  |     |  |     |  +- deleteFile           (see above) (recursive dependency)
 |  |  |  |     |  |     |     
 |  |  |  |     |  |     +- FAT_FileOpen        
 |  |  |  |     |  |     |  | 
 |  |  |  |     |  |     |  +- FAT_FileNameOrganizer
 |  |  |  |     |  |     |  |    
 |  |  |  |     |  |     |  +- SD_Read_Block        (see above)
 |  |  |  |     |  |     |  |  
 |  |  |  |     |  |     |  +- LWordSwap           
 |  |  |  |     |  |     |  |  | 
 |  |  |  |     |  |     |  |  +- _LAND_RC            
 |  |  |  |     |  |     |  |  |  | 
 |  |  |  |     |  |     |  |  |  +- _ENTER_BINARY_L_RC  
 |  |  |  |     |  |     |  |  |  |  | 
 |  |  |  |     |  |     |  |  |  |  +- _PUSH_ARGS_L         (see above)
 |  |  |  |     |  |     |  |  |  |     
 |  |  |  |     |  |     |  |  |  +- _LAND_k_is_k_and_j  
 |  |  |  |     |  |     |  |  |       
 |  |  |  |     |  |     |  |  +- _LLSR                (see above)
 |  |  |  |     |  |     |  |  |  
 |  |  |  |     |  |     |  |  +- _POP32               (see above)
 |  |  |  |     |  |     |  |  |  
 |  |  |  |     |  |     |  |  +- _LADD               
 |  |  |  |     |  |     |  |  |  | 
 |  |  |  |     |  |     |  |  |  +- _ENTER_BINARY_L      (see above)
 |  |  |  |     |  |     |  |  |  |  
 |  |  |  |     |  |     |  |  |  +- _LADD_k_is_k_plus_j 
 |  |  |  |     |  |     |  |  |       
 |  |  |  |     |  |     |  |  +- _LLSL                (see above)
 |  |  |  |     |  |     |  |  |  
 |  |  |  |     |  |     |  |  +- _COPY                (see above)
 |  |  |  |     |  |     |  |     
 |  |  |  |     |  |     |  +- _IDIVU_STAR08        (see above)
 |  |  |  |     |  |     |  |  
 |  |  |  |     |  |     |  +- _LADD                (see above)
 |  |  |  |     |  |     |  |  
 |  |  |  |     |  |     |  +- SD_Write_Block      
 |  |  |  |     |  |     |  |  | 
 |  |  |  |     |  |     |  |  +- _LLSL                (see above)
 |  |  |  |     |  |     |  |  |  
 |  |  |  |     |  |     |  |  +- _POP32               (see above)
 |  |  |  |     |  |     |  |  |  
 |  |  |  |     |  |     |  |  +- SD_SendCommand       (see above)
 |  |  |  |     |  |     |  |  |  
 |  |  |  |     |  |     |  |  +- SPI_Send_byte        (see above)
 |  |  |  |     |  |     |  |  |  
 |  |  |  |     |  |     |  |  +- SPI_Receive_byte     (see above)
 |  |  |  |     |  |     |  |     
 |  |  |  |     |  |     |  +- _IMODU_STAR08       
 |  |  |  |     |  |     |  |  | 
 |  |  |  |     |  |     |  |  +- _IDIVMOD             (see above)
 |  |  |  |     |  |     |  |     
 |  |  |  |     |  |     |  +- _ILSR               
 |  |  |  |     |  |     |  |    
 |  |  |  |     |  |     |  +- FAT_Entry           
 |  |  |  |     |  |     |  |  | 
 |  |  |  |     |  |     |  |  +- _IDIVU_STAR08        (see above)
 |  |  |  |     |  |     |  |  |  
 |  |  |  |     |  |     |  |  +- _IMODU_STAR08        (see above)
 |  |  |  |     |  |     |  |  |  
 |  |  |  |     |  |     |  |  +- SD_Read_Block        (see above)
 |  |  |  |     |  |     |  |  |  
 |  |  |  |     |  |     |  |  +- SD_Write_Block       (see above)
 |  |  |  |     |  |     |  |     
 |  |  |  |     |  |     |  +- _ILSL                (see above)
 |  |  |  |     |  |     |  |  
 |  |  |  |     |  |     |  +- FAT_SearchAvailableFAT
 |  |  |  |     |  |     |     | 
 |  |  |  |     |  |     |     +- SD_Read_Block        (see above)
 |  |  |  |     |  |     |        
 |  |  |  |     |  |     +- FAT_FileClose       
 |  |  |  |     |  |     |  | 
 |  |  |  |     |  |     |  +- _ILSR                (see above)
 |  |  |  |     |  |     |  |  
 |  |  |  |     |  |     |  +- _IDIVU_STAR08        (see above)
 |  |  |  |     |  |     |  |  
 |  |  |  |     |  |     |  +- _IMODU_STAR08        (see above)
 |  |  |  |     |  |     |  |  
 |  |  |  |     |  |     |  +- _LADD                (see above)
 |  |  |  |     |  |     |  |  
 |  |  |  |     |  |     |  +- SD_Read_Block        (see above)
 |  |  |  |     |  |     |  |  
 |  |  |  |     |  |     |  +- _ILSL                (see above)
 |  |  |  |     |  |     |  |  
 |  |  |  |     |  |     |  +- LWordSwap            (see above)
 |  |  |  |     |  |     |  |  
 |  |  |  |     |  |     |  +- _COPY                (see above)
 |  |  |  |     |  |     |  |  
 |  |  |  |     |  |     |  +- SD_Write_Block       (see above)
 |  |  |  |     |  |     |     
 |  |  |  |     |  |     +- GL_DRV_BEEP          (see above)
 |  |  |  |     |  |     |  
 |  |  |  |     |  |     +- GL_DRV_DELAY        
 |  |  |  |     |  |     |    
 |  |  |  |     |  |     +- loadFiles            (see above)
 |  |  |  |     |  |     |  
 |  |  |  |     |  |     +- redraw               (see above) (recursive dependency)
 |  |  |  |     |  |        
 |  |  |  |     |  +- GL_Screen_Redraw_Object_FS
 |  |  |  |     |  |  | 
 |  |  |  |     |  |  +- GL_Screen_ReDraw_Object (see above)
 |  |  |  |     |  |     
 |  |  |  |     |  +- fileBtn_1            (see above)
 |  |  |  |     |  |  
 |  |  |  |     |  +- fileBtn_2            (see above)
 |  |  |  |     |  |  
 |  |  |  |     |  +- fileBtn_3            (see above)
 |  |  |  |     |  |  
 |  |  |  |     |  +- fileBtn_4            (see above)
 |  |  |  |     |     
 |  |  |  |     +- GL_DRV_DELAY         (see above)
 |  |  |  |        
 |  |  |  +- btnUp               
 |  |  |  |  | 
 |  |  |  |  +- OnButtonEventWin     (see above)
 |  |  |  |  |  
 |  |  |  |  +- OnButtonDrawWin      (see above)
 |  |  |  |  |  
 |  |  |  |  +- scrollUp            
 |  |  |  |     | 
 |  |  |  |     +- loadFiles            (see above)
 |  |  |  |     |  
 |  |  |  |     +- redraw               (see above) (recursive dependency)
 |  |  |  |        
 |  |  |  +- btnDown             
 |  |  |  |  | 
 |  |  |  |  +- OnButtonEventWin     (see above)
 |  |  |  |  |  
 |  |  |  |  +- OnButtonDrawWin      (see above)
 |  |  |  |  |  
 |  |  |  |  +- scrollDown          
 |  |  |  |     | 
 |  |  |  |     +- loadFiles            (see above)
 |  |  |  |     |  
 |  |  |  |     +- redraw               (see above) (recursive dependency)
 |  |  |  |        
 |  |  |  +- fileBtn_0            (see above)
 |  |  |  |  
 |  |  |  +- fileBtn_1            (see above)
 |  |  |  |  
 |  |  |  +- fileBtn_2            (see above)
 |  |  |  |  
 |  |  |  +- fileBtn_3            (see above)
 |  |  |  |  
 |  |  |  +- fileBtn_4            (see above)
 |  |  |     
 |  |  +- OnScreenDrawWin     
 |  |     | 
 |  |     +- GL_SetBrush          (see above)
 |  |     |  
 |  |     +- GL_LOW_DrawRect      (see above)
 |  |     |  
 |  |     +- GL_SetPen            (see above)
 |  |     |  
 |  |     +- GL_LOW_GetTextMetrics (see above)
 |  |     |  
 |  |     +- GL_SetFontColor3B    (see above)
 |  |     |  
 |  |     +- GL_LOW_DrawText      (see above)
 |  |     |  
 |  |     +- GL_LOW_DrawRectRounded (see above)
 |  |        
 |  +- GL_Screen_Activate   (see above)
 |  |  
 |  +- SPI_Init             (see above)
 |  |  
 |  +- SD_Init              (see above)
 |  |  
 |  +- FAT_Read_Master_Block (see above)
 |  |  
 |  +- loadFiles            (see above)
 |  |  
 |  +- redraw               (see above) (recursive dependency)
 |  |  
 |  +- GL_DRV_BEEP          (see above)
 |  |  
 |  +- GL_TS_HadnleActions 
 |  |    
 |  +- GL_DRV_DELAY         (see above)
 |     
 +- _Startup            
    | 
    +- Init                
    |  | 
    |  +- loadByte            
    |       
    +- main                 (see above)
       
 _Vector_25          
 | 
 +- GL_TS_KB_Interrupt  
    | 
    +- GL_TS_KB_Interrupt_proc
       | 
       +- GL_TS_FromIdle      
       |    
       +- GL_TS_ToActiveA     
            
 _Vector_26          
 | 
 +- GL_TS_ADC_Interrupt 
    | 
    +- GL_TS_ADC_Interrupt_proc
       | 
       +- GL_TS_ToIdle         (see above)
       |  
       +- _LMUL                (see above)
       |  
       +- _LDIVU              
       |  | 
       |  +- _ENTER_BINARY_L      (see above)
       |  |  
       |  +- _LDIVU_k_is_k_div_j 
       |     | 
       |     +- _LDIVMOD            
       |          
       +- GL_TS_NewAction     
       |  | 
       |  +- GL_TS_HadnleActions  (see above)
       |     
       +- GL_DRV_BEEP          (see above)
       |  
       +- GL_TS_ToActiveA      (see above)
       |  
       +- GL_TS_ToActiveB     
            
 _vect               
 | 
 +- _Startup             (see above)
    
 _Vector_7           
 | 
 +- usb_it_handler      
    | 
    +- enter_default_state 
    |  | 
    |  +- usb_setup_ep        
    |  |  | 
    |  |  +- disable_ep          
    |  |  |    
    |  |  +- _IMUL_STAR08         (see above)
    |  |     
    |  +- set_config          
    |     | 
    |     +- get_ep_descriptor   
    |     |    
    |     +- usb_setup_ep         (see above)
    |     |  
    |     +- is_ep_ndx           
    |     |    
    |     +- is_ifc_ndx          
    |          
    +- usb_reset_event     
    |    
    +- usb_bus_error_event 
    |    
    +- usb_wakeup_event    
    |    
    +- usb_suspend_event   
    |    
    +- _Jump_Table_Header_Offset (see above)
    |  
    +- usb_stm_ctrl0       
    |  | 
    |  +- usb_get_rx_pptr     
    |  |  | 
    |  |  +- ep2bdtndx           
    |  |       
    |  +- _Jump_Table_Header_Addr (see above)
    |  |  
    |  +- cb_set_address      
    |  |  | 
    |  |  +- enter_default_state  (see above)
    |  |     
    |  +- get_device_descriptor
    |  |    
    |  +- is_cfgd_index       
    |  |    
    |  +- get_cfg_descriptor  
    |  |    
    |  +- usb_send            
    |  |  | 
    |  |  +- _LCMP                (see above)
    |  |  |  
    |  |  +- _COPY                (see above)
    |  |  |  
    |  |  +- _irq_disable        
    |  |  |    
    |  |  +- _usb_send           
    |  |  |  | 
    |  |  |  +- _LCMP                (see above)
    |  |  |  |  
    |  |  |  +- ep2bdtndx            (see above)
    |  |  |  |  
    |  |  |  +- ready_ep_tx         
    |  |  |  |  | 
    |  |  |  |  +- ep2bdtndx            (see above)
    |  |  |  |  |  
    |  |  |  |  +- _IMUL_STAR08         (see above)
    |  |  |  |     
    |  |  |  +- _LSUB               
    |  |  |  |  | 
    |  |  |  |  +- _ENTER_BINARY_L      (see above)
    |  |  |  |  |  
    |  |  |  |  +- _LSUB_k_is_k_minus_j
    |  |  |  |       
    |  |  |  +- _POP32               (see above)
    |  |  |  |  
    |  |  |  +- send_zero_packet    
    |  |  |     | 
    |  |  |     +- ep2bdtndx            (see above)
    |  |  |     |  
    |  |  |     +- ready_ep_tx          (see above)
    |  |  |        
    |  |  +- _irq_restore         (see above)
    |  |     
    |  +- is_str_index        
    |  |    
    |  +- get_str_descriptor  
    |  |    
    |  +- set_config           (see above)
    |  |  
    |  +- ep2bdtndx            (see above)
    |  |  
    |  +- usb_ep0_callback    
    |     | 
    |     +- usb_get_rx_pptr      (see above)
    |     |  
    |     +- usb_send             (see above)
    |     |  
    |     +- got_line_coding     
    |     |    
    |     +- usb_receive         
    |        | 
    |        +- _COPY                (see above)
    |        |  
    |        +- ready_ep_rx         
    |           | 
    |           +- ep2bdtndx            (see above)
    |           |  
    |           +- _IMUL_STAR08         (see above)
    |              
    +- usb_stop_ep_tx      
    |  | 
    |  +- _irq_disable         (see above)
    |  |  
    |  +- _irq_restore         (see above)
    |     
    +- usb_stop_ep_rx      
    |  | 
    |  +- _irq_disable         (see above)
    |  |  
    |  +- _irq_restore         (see above)
    |     
    +- _usb_send            (see above)
    |  
    +- _usb_receive        
    |  | 
    |  +- ep2bdtndx            (see above)
    |  |  
    |  +- _LCMP                (see above)
    |  |  
    |  +- usb_stop_ep_rx       (see above)
    |  |  
    |  +- _LSUB                (see above)
    |  |  
    |  +- _POP32               (see above)
    |     
    +- send_zero_packet     (see above)
    |  
    +- ready_ep_rx          (see above)
       
*********************************************************************************************
STATISTIC SECTION
---------------------------------------------------------------------------------------------

ExeFile:
--------
Number of blocks to be downloaded: 10
Total size of all blocks to be downloaded: 26369

